// Jest Snapshot v1, https://goo.gl/fbAQLP

exports[`Instance report not configured component matches snapshot 1`] = `"<gl-empty-state-stub title=\\"Monitor vulnerabilities in all of your projects\\" svgpath=\\"/placeholder.svg\\" description=\\"Manage and track vulnerabilities identified in your selected projects. Vulnerabilities for selected projects with security testing configured are shown here.\\" primarybuttonlink=\\"/path/to/dashboard/settings\\" primarybuttontext=\\"Add projects\\" secondarybuttonlink=\\"/path/to/dashboard/documentation\\" secondarybuttontext=\\"Learn more\\"></gl-empty-state-stub>"`;
