// Jest Snapshot v1, https://goo.gl/fbAQLP

exports[`Project report not configured component matches snapshot 1`] = `"<gl-empty-state-stub title=\\"Monitor vulnerabilities in your project\\" svgpath=\\"/placeholder.svg\\" description=\\"Manage and track vulnerabilities identified in your project. Vulnerabilities are shown here when security testing is configured.\\" primarybuttonlink=\\"/configuration\\" primarybuttontext=\\"Configure security testing\\" secondarybuttonlink=\\"/help\\" secondarybuttontext=\\"Learn more\\"></gl-empty-state-stub>"`;
