// Jest Snapshot v1, https://goo.gl/fbAQLP

exports[`MergeRequestTableRow component on creation matches the snapshot 1`] = `
<div
  class="gl-responsive-table-row-layout gl-responsive-table-row"
>
  <div
    class="table-section section-50 d-flex flex-row-reverse flex-md-row justify-content-between justify-content-md-start js-mr-details"
  >
    <div
      class="d-flex mr-md-2"
    >
      <gl-avatar-stub
        alt="avatar"
        entityid="0"
        entityname=""
        shape="circle"
        size="16"
      />
    </div>
     
    <div
      class="d-flex flex-column flex-grow overflow-auto gl-mr-1"
    >
      <h5
        class="item-title mr-title my-0 d-block str-truncated"
      >
        <gl-link-stub
          href="http://gitlab.example.com/gitlab-org/gitlab-test/merge_requests/10"
          target="_blank"
        >
          This is a test MR
        </gl-link-stub>
      </h5>
       
      <ul
        class="horizontal-list list-items-separated text-secondary mb-0"
      >
        <li>
          !10
        </li>
         
        <li>
          1 commit
        </li>
         
        <li>
          
          3 LOC/commit
        
        </li>
         
        <li>
          
          1 files touched
        
        </li>
      </ul>
    </div>
  </div>
   
  <div
    class="table-section section-50 d-flex flex-row align-items-start js-mr-metrics"
  >
    <metric-column-stub
      label="Time to merge"
      type="days_to_merge"
      value="24"
    />
     
    <metric-column-stub
      label="Time from first comment to last commit"
      type="time_to_last_commit"
      value="0"
    />
  </div>
</div>
`;
