// Jest Snapshot v1, https://goo.gl/fbAQLP

exports[`ThreatMonitoringApp component given there are environments present passes the statistics section the correct information 1`] = `
<threat-monitoring-section-stub
  anomaloustitle="Dropped Packets"
  chartemptystatesvgpath="/network-policy-no-data-svg"
  chartemptystatetext="Container Network Policies are not installed or have been disabled. To view this data, ensure your Network Policies are installed and enabled for your cluster."
  chartemptystatetitle="Container NetworkPolicies not detected"
  data-testid="threat-monitoring-statistics-section"
  documentationanchor="container-network-policy"
  documentationpath="/docs"
  nominaltitle="Total Packets"
  storenamespace="threatMonitoringNetworkPolicy"
  subtitle="Packet Activity"
  title="Container Network Policy"
  ylegend="Operations Per Second"
/>
`;
