// Jest Snapshot v1, https://goo.gl/fbAQLP

exports[`StatisticsHistory component chart tooltip renders the title and series data correctly 1`] = `
<div
  data="[object Object],[object Object]"
  option="[object Object]"
>
  <div>
    Dec 4, 2019 12:00am (Time)
  </div>
   
  <div
    class="d-flex"
  >
    <div
      class="flex-grow-1 mr-5"
    >
      Anomalous Requests
    </div>
     
    <div
      class="font-weight-bold"
    >
      1
    </div>
  </div>
  <div
    class="d-flex"
  >
    <div
      class="flex-grow-1 mr-5"
    >
      Total Requests
    </div>
     
    <div
      class="font-weight-bold"
    >
      56
    </div>
  </div>
</div>
`;
