// Jest Snapshot v1, https://goo.gl/fbAQLP

exports[`IterationDropdown default shows gl-dropdown 1`] = `
<gl-dropdown-stub
  block="true"
  category="primary"
  class="gl-w-full"
  clearalltext="Clear all"
  clearalltextclass="gl-px-5"
  headertext=""
  hideheaderborder="true"
  highlighteditemstitle="Selected"
  highlighteditemstitleclass="gl-px-5"
  size="medium"
  text="Select iteration"
  variant="default"
>
  <gl-dropdown-section-header-stub
    class="gl-display-flex! gl-justify-content-center"
  >
    Assign Iteration
  </gl-dropdown-section-header-stub>
   
  <gl-search-box-by-type-stub
    clearbuttontitle="Clear"
    value=""
  />
   
  <gl-dropdown-item-stub
    avatarurl=""
    iconcolor=""
    iconname=""
    iconrightarialabel=""
    iconrightname=""
    ischeckitem="true"
    secondarytext=""
  >
    
    No iteration
  
  </gl-dropdown-item-stub>
   
  <gl-dropdown-divider-stub />
   
</gl-dropdown-stub>
`;
