// Jest Snapshot v1, https://goo.gl/fbAQLP

exports[`MergeRequest component when there are approvers matches snapshot 1`] = `
<div
  class="gl-display-flex gl-align-items-center gl-justify-content-end"
  data-testid="approvers"
>
  <span
    class="gl-text-gray-500"
  >
    
      approved by: 
    
  </span>
   
  <gl-avatars-inline-stub
    avatars="[object Object]"
    avatarsize="24"
    badgetooltipprop="name"
    class="gl-display-inline-flex gl-lg-display-none! gl-ml-3"
    collapsed="true"
    maxvisible="2"
  />
   
  <gl-link-stub
    class="gl-avatar-link gl-display-none gl-lg-display-inline-flex! gl-align-items-center gl-justify-content-end gl-ml-3 gl-text-gray-900 author-link js-user-link"
    data-name="User 0"
    data-user-id="0"
    href="http://localhost:3000/user-0"
    title="User 0"
  >
    <gl-avatar-stub
      alt="avatar"
      class="gl-mr-2"
      entityid="0"
      entityname="User 0"
      shape="circle"
      size="16"
      src="https://0"
    />
     
    <span>
      User 0
    </span>
  </gl-link-stub>
   
  <!---->
</div>
`;
